// Jest Snapshot v1, https://goo.gl/fbAQLP

exports[`<App /> should match snapshot 1`] = `
<div
  className="container"
>
  <div
    className="App"
  >
    <div
      className="ui card"
      onClick={[Function]}
    >
      <div>
        <img
          alt="img"
          className="image"
          style={
            Object {
              "alignContent": "center",
            }
  git        }
        />
      </div>
      <div>
        <img
          alt="img"
          className="image"
          style={
            Object {
              "alignContent": "center",
            }
          }
        />
      </div>
      <div
        className="content"
      >
        <div
          className="header"
        >
          <div
            className="title"
          >
            <h1>
               
               
            </h1>
          </div>
        </div>
        <div
          className="meta"
        >
          <div
            className="date"
          >
            date: 
          </div>
        </div>
        <div
          className="description"
        >
          <div
            className="explanation"
          />
        </div>
      </div>
      <div
        className="extra content"
      >
        <a>
          <i
            aria-hidden="true"
            className="user icon"
            onClick={[Function]}
          />
        </a>
      </div>
    </div>
  </div>
</div>
`;
